// Jest Snapshot v1, https://goo.gl/fbAQLP

exports[`renders a snapshot 1`] = `
<div
  className="card"
>
  <div
    className="card"
    style={
      Object {
        "width": "18rem",
      }
    }
  >
    <img
      className="card-img-top"
      src="avatar-icon.png"
    />
    <div
      className="card-body"
    >
      <div
        className="card-title h5"
      >
        kaden-wallin
      </div>
      <p
        className="card-text"
      >
        JS-Stock-Charts Public JS-Encapsulation-Practice Public JS-Building-Targeted-Ads Public 5.7.6 activity starter JS-Building-an-Interactive-Map Public JS-Jacks-Paint Public JS-Alliance-Brand Public Activity for 5.6.2 JS-Web-Game-Part-7 Public JS-Asynchrony-With-Callback-Functions Public 5.5.5-activity-array-automotive Public JS-Web-Game-Part-6 Public JS-Callback-Practice Public JS-Web-Game-Part-2 Public JS-Web-Game-Part-1 Public CSS-Final-Project Public RR-Mocking-HTTP-Requests
      </p>
    </div>
  </div>
</div>
`;
